[DemoDirector] silenced 2 ROS component(s)
[DemoDirector] capture camera ready (1280x720)
[DemoDirector] shot=seed101_high preset=overview fps=30 1280x720 start=0s duration=20s frames=600 ride=main
[DemoDirector] framing center=(0.40, 1.20, 0.00) radius=3.10 pileSize=(0.00, 0.00, 0.00)
[DemoDirector] progress frame=30 captured=30 virtualTime=0.97s wall=2.7s lastCapture=64.6ms avgCapture=73.8ms worst=266.4ms cam=(0.4, 4.9, -3.7) rot=(44, 0, 0) fov=52.0
[DemoDirector] progress frame=60 captured=60 virtualTime=1.97s wall=4.9s lastCapture=71.9ms avgCapture=71.6ms worst=266.4ms cam=(0.4, 4.9, -3.7) rot=(44, 0, 0) fov=52.0
[DemoDirector] progress frame=90 captured=90 virtualTime=2.97s wall=7.0s lastCapture=76.1ms avgCapture=71.4ms worst=266.4ms cam=(0.4, 4.9, -3.7) rot=(44, 0, 0) fov=52.0
[DemoDirector] progress frame=120 captured=120 virtualTime=3.97s wall=9.2s lastCapture=71.6ms avgCapture=71.2ms worst=266.4ms cam=(0.4, 4.9, -3.7) rot=(44, 0, 0) fov=52.0
[DemoDirector] progress frame=150 captured=150 virtualTime=4.97s wall=11.4s lastCapture=72.2ms avgCapture=71.0ms worst=266.4ms cam=(0.4, 4.9, -3.7) rot=(44, 0, 0) fov=52.0
[DemoDirector] progress frame=180 captured=180 virtualTime=5.97s wall=13.6s lastCapture=69.2ms avgCapture=70.8ms worst=266.4ms cam=(0.4, 4.9, -3.7) rot=(44, 0, 0) fov=52.0
[DemoDirector] progress frame=210 captured=210 virtualTime=6.97s wall=15.7s lastCapture=68.9ms avgCapture=70.6ms worst=266.4ms cam=(0.4, 4.9, -3.7) rot=(44, 0, 0) fov=52.0
[DemoDirector] progress frame=240 captured=240 virtualTime=7.97s wall=17.8s lastCapture=70.4ms avgCapture=70.5ms worst=266.4ms cam=(0.4, 4.9, -3.7) rot=(44, 0, 0) fov=52.0
[DemoDirector] progress frame=270 captured=270 virtualTime=8.97s wall=20.0s lastCapture=68.8ms avgCapture=70.4ms worst=266.4ms cam=(0.4, 4.9, -3.7) rot=(44, 0, 0) fov=52.0
[DemoDirector] progress frame=300 captured=300 virtualTime=9.97s wall=22.1s lastCapture=69.3ms avgCapture=70.3ms worst=266.4ms cam=(0.4, 4.9, -3.7) rot=(44, 0, 0) fov=52.0
[DemoDirector] progress frame=330 captured=330 virtualTime=10.97s wall=24.3s lastCapture=76.3ms avgCapture=70.2ms worst=266.4ms cam=(0.4, 4.9, -3.7) rot=(44, 0, 0) fov=52.0
[DemoDirector] progress frame=360 captured=360 virtualTime=11.97s wall=26.5s lastCapture=70.1ms avgCapture=70.2ms worst=266.4ms cam=(0.4, 4.9, -3.7) rot=(44, 0, 0) fov=52.0
[DemoDirector] progress frame=390 captured=390 virtualTime=12.97s wall=28.6s lastCapture=70.5ms avgCapture=70.2ms worst=266.4ms cam=(0.4, 4.9, -3.7) rot=(44, 0, 0) fov=52.0
[DemoDirector] progress frame=420 captured=420 virtualTime=13.97s wall=30.7s lastCapture=69.9ms avgCapture=70.1ms worst=266.4ms cam=(0.4, 4.9, -3.7) rot=(44, 0, 0) fov=52.0
[DemoDirector] progress frame=450 captured=450 virtualTime=14.97s wall=32.9s lastCapture=73.4ms avgCapture=70.1ms worst=266.4ms cam=(0.4, 4.9, -3.7) rot=(44, 0, 0) fov=52.0
[DemoDirector] progress frame=480 captured=480 virtualTime=15.97s wall=35.2s lastCapture=77.0ms avgCapture=70.1ms worst=266.4ms cam=(0.4, 4.9, -3.7) rot=(44, 0, 0) fov=52.0
[DemoDirector] progress frame=510 captured=510 virtualTime=16.97s wall=37.3s lastCapture=69.8ms avgCapture=70.1ms worst=266.4ms cam=(0.4, 4.9, -3.7) rot=(44, 0, 0) fov=52.0
[DemoDirector] progress frame=540 captured=540 virtualTime=17.97s wall=39.5s lastCapture=72.0ms avgCapture=70.1ms worst=266.4ms cam=(0.4, 4.9, -3.7) rot=(44, 0, 0) fov=52.0
[DemoDirector] progress frame=570 captured=570 virtualTime=18.97s wall=41.7s lastCapture=72.5ms avgCapture=70.1ms worst=266.4ms cam=(0.4, 4.9, -3.7) rot=(44, 0, 0) fov=52.0
[DemoDirector] progress frame=600 captured=600 virtualTime=19.97s wall=43.8s lastCapture=68.6ms avgCapture=70.1ms worst=266.4ms cam=(0.4, 4.9, -3.7) rot=(44, 0, 0) fov=52.0
