[DemoDirector] silenced 2 ROS component(s)
[DemoDirector] capture camera ready (1280x720)
[DemoDirector] shot=seed505_high preset=overview fps=30 1280x720 start=0s duration=20s frames=600 ride=main
[DemoDirector] framing center=(0.40, 1.20, 0.00) radius=3.10 pileSize=(0.00, 0.00, 0.00)
[DemoDirector] progress frame=30 captured=30 virtualTime=0.97s wall=2.7s lastCapture=67.0ms avgCapture=75.0ms worst=261.8ms cam=(0.4, 4.9, -3.7) rot=(44, 0, 0) fov=52.0
[DemoDirector] progress frame=60 captured=60 virtualTime=1.97s wall=4.8s lastCapture=70.8ms avgCapture=71.8ms worst=261.8ms cam=(0.4, 4.9, -3.7) rot=(44, 0, 0) fov=52.0
[DemoDirector] progress frame=90 captured=90 virtualTime=2.97s wall=7.0s lastCapture=70.7ms avgCapture=70.9ms worst=261.8ms cam=(0.4, 4.9, -3.7) rot=(44, 0, 0) fov=52.0
[DemoDirector] progress frame=120 captured=120 virtualTime=3.97s wall=9.1s lastCapture=70.1ms avgCapture=70.5ms worst=261.8ms cam=(0.4, 4.9, -3.7) rot=(44, 0, 0) fov=52.0
[DemoDirector] progress frame=150 captured=150 virtualTime=4.97s wall=11.2s lastCapture=66.9ms avgCapture=70.1ms worst=261.8ms cam=(0.4, 4.9, -3.7) rot=(44, 0, 0) fov=52.0
[DemoDirector] progress frame=180 captured=180 virtualTime=5.97s wall=13.3s lastCapture=66.9ms avgCapture=69.6ms worst=261.8ms cam=(0.4, 4.9, -3.7) rot=(44, 0, 0) fov=52.0
[DemoDirector] progress frame=210 captured=210 virtualTime=6.97s wall=15.4s lastCapture=66.8ms avgCapture=69.4ms worst=261.8ms cam=(0.4, 4.9, -3.7) rot=(44, 0, 0) fov=52.0
[DemoDirector] progress frame=240 captured=240 virtualTime=7.97s wall=17.4s lastCapture=66.8ms avgCapture=69.0ms worst=261.8ms cam=(0.4, 4.9, -3.7) rot=(44, 0, 0) fov=52.0
[DemoDirector] progress frame=270 captured=270 virtualTime=8.97s wall=19.6s lastCapture=66.6ms avgCapture=69.0ms worst=261.8ms cam=(0.4, 4.9, -3.7) rot=(44, 0, 0) fov=52.0
[DemoDirector] progress frame=300 captured=300 virtualTime=9.97s wall=21.7s lastCapture=66.8ms avgCapture=68.9ms worst=261.8ms cam=(0.4, 4.9, -3.7) rot=(44, 0, 0) fov=52.0
[DemoDirector] progress frame=330 captured=330 virtualTime=10.97s wall=23.8s lastCapture=64.5ms avgCapture=68.7ms worst=261.8ms cam=(0.4, 4.9, -3.7) rot=(44, 0, 0) fov=52.0
[DemoDirector] progress frame=360 captured=360 virtualTime=11.97s wall=25.9s lastCapture=67.1ms avgCapture=68.6ms worst=261.8ms cam=(0.4, 4.9, -3.7) rot=(44, 0, 0) fov=52.0
[DemoDirector] progress frame=390 captured=390 virtualTime=12.97s wall=28.0s lastCapture=67.3ms avgCapture=68.6ms worst=261.8ms cam=(0.4, 4.9, -3.7) rot=(44, 0, 0) fov=52.0
[DemoDirector] progress frame=420 captured=420 virtualTime=13.97s wall=30.0s lastCapture=68.4ms avgCapture=68.5ms worst=261.8ms cam=(0.4, 4.9, -3.7) rot=(44, 0, 0) fov=52.0
[DemoDirector] progress frame=450 captured=450 virtualTime=14.97s wall=32.1s lastCapture=66.8ms avgCapture=68.4ms worst=261.8ms cam=(0.4, 4.9, -3.7) rot=(44, 0, 0) fov=52.0
[DemoDirector] progress frame=480 captured=480 virtualTime=15.97s wall=34.2s lastCapture=69.8ms avgCapture=68.3ms worst=261.8ms cam=(0.4, 4.9, -3.7) rot=(44, 0, 0) fov=52.0
[DemoDirector] progress frame=510 captured=510 virtualTime=16.97s wall=36.3s lastCapture=68.8ms avgCapture=68.3ms worst=261.8ms cam=(0.4, 4.9, -3.7) rot=(44, 0, 0) fov=52.0
[DemoDirector] progress frame=540 captured=540 virtualTime=17.97s wall=38.4s lastCapture=66.7ms avgCapture=68.2ms worst=261.8ms cam=(0.4, 4.9, -3.7) rot=(44, 0, 0) fov=52.0
[DemoDirector] progress frame=570 captured=570 virtualTime=18.97s wall=40.5s lastCapture=70.5ms avgCapture=68.2ms worst=261.8ms cam=(0.4, 4.9, -3.7) rot=(44, 0, 0) fov=52.0
[DemoDirector] progress frame=600 captured=600 virtualTime=19.97s wall=42.5s lastCapture=66.7ms avgCapture=68.1ms worst=261.8ms cam=(0.4, 4.9, -3.7) rot=(44, 0, 0) fov=52.0
