[DemoDirector] silenced 2 ROS component(s)
[DemoDirector] capture camera ready (1280x720)
[DemoDirector] shot=seed202_orbit preset=orbit fps=30 1280x720 start=0s duration=30s frames=900 ride=main
[DemoDirector] framing center=(0.30, 0.50, 0.00) radius=3.10 pileSize=(0.00, 0.00, 0.00)
[DemoDirector] progress frame=30 captured=30 virtualTime=0.97s wall=2.4s lastCapture=58.2ms avgCapture=64.0ms worst=239.9ms cam=(1.5, 1.6, -6.0) rot=(9, 348, 0) fov=55.0
[DemoDirector] progress frame=60 captured=60 virtualTime=1.97s wall=4.2s lastCapture=56.9ms avgCapture=60.9ms worst=239.9ms cam=(2.7, 1.6, -5.6) rot=(9, 336, 0) fov=55.0
[DemoDirector] progress frame=90 captured=90 virtualTime=2.97s wall=6.1s lastCapture=61.5ms avgCapture=60.4ms worst=239.9ms cam=(3.9, 1.6, -5.0) rot=(9, 324, 0) fov=55.0
[DemoDirector] progress frame=120 captured=120 virtualTime=3.97s wall=8.0s lastCapture=61.7ms avgCapture=60.6ms worst=239.9ms cam=(4.8, 1.6, -4.1) rot=(9, 312, 0) fov=55.0
[DemoDirector] progress frame=150 captured=150 virtualTime=4.97s wall=9.9s lastCapture=62.4ms avgCapture=60.9ms worst=239.9ms cam=(5.6, 1.6, -3.1) rot=(9, 300, 0) fov=55.0
[DemoDirector] progress frame=180 captured=180 virtualTime=5.97s wall=11.9s lastCapture=59.9ms avgCapture=61.0ms worst=239.9ms cam=(6.1, 1.6, -1.9) rot=(9, 288, 0) fov=55.0
[DemoDirector] progress frame=210 captured=210 virtualTime=6.97s wall=13.8s lastCapture=59.1ms avgCapture=61.1ms worst=239.9ms cam=(6.4, 1.6, -0.7) rot=(9, 276, 0) fov=55.0
[DemoDirector] progress frame=240 captured=240 virtualTime=7.97s wall=15.9s lastCapture=59.5ms avgCapture=61.1ms worst=239.9ms cam=(6.4, 1.6, 0.6) rot=(9, 264, 0) fov=55.0
[DemoDirector] progress frame=270 captured=270 virtualTime=8.97s wall=17.9s lastCapture=64.0ms avgCapture=61.2ms worst=239.9ms cam=(6.1, 1.6, 1.8) rot=(9, 252, 0) fov=55.0
[DemoDirector] progress frame=300 captured=300 virtualTime=9.97s wall=19.8s lastCapture=61.2ms avgCapture=61.1ms worst=239.9ms cam=(5.6, 1.6, 3.0) rot=(9, 240, 0) fov=55.0
[DemoDirector] progress frame=330 captured=330 virtualTime=10.97s wall=21.7s lastCapture=60.7ms avgCapture=61.1ms worst=239.9ms cam=(4.9, 1.6, 4.1) rot=(9, 228, 0) fov=55.0
[DemoDirector] progress frame=360 captured=360 virtualTime=11.97s wall=23.6s lastCapture=59.2ms avgCapture=61.0ms worst=239.9ms cam=(3.9, 1.6, 4.9) rot=(9, 216, 0) fov=55.0
[DemoDirector] progress frame=390 captured=390 virtualTime=12.97s wall=25.6s lastCapture=58.0ms avgCapture=61.0ms worst=239.9ms cam=(2.8, 1.6, 5.6) rot=(9, 204, 0) fov=55.0
[DemoDirector] progress frame=420 captured=420 virtualTime=13.97s wall=27.4s lastCapture=59.3ms avgCapture=60.8ms worst=239.9ms cam=(1.6, 1.6, 6.0) rot=(9, 192, 0) fov=55.0
[DemoDirector] progress frame=450 captured=450 virtualTime=14.97s wall=29.3s lastCapture=55.6ms avgCapture=60.6ms worst=239.9ms cam=(0.3, 1.6, 6.1) rot=(9, 180, 0) fov=55.0
[DemoDirector] progress frame=480 captured=480 virtualTime=15.97s wall=31.0s lastCapture=56.0ms avgCapture=60.4ms worst=239.9ms cam=(-0.9, 1.6, 6.0) rot=(9, 168, 0) fov=55.0
[DemoDirector] progress frame=510 captured=510 virtualTime=16.97s wall=32.8s lastCapture=59.6ms avgCapture=60.2ms worst=239.9ms cam=(-2.1, 1.6, 5.6) rot=(9, 156, 0) fov=55.0
[DemoDirector] progress frame=540 captured=540 virtualTime=17.97s wall=34.7s lastCapture=60.0ms avgCapture=60.2ms worst=239.9ms cam=(-3.3, 1.6, 5.0) rot=(9, 144, 0) fov=55.0
[DemoDirector] progress frame=570 captured=570 virtualTime=18.97s wall=36.5s lastCapture=60.3ms avgCapture=60.1ms worst=239.9ms cam=(-4.2, 1.6, 4.1) rot=(9, 132, 0) fov=55.0
[DemoDirector] progress frame=600 captured=600 virtualTime=19.97s wall=38.3s lastCapture=60.1ms avgCapture=60.1ms worst=239.9ms cam=(-5.0, 1.6, 3.1) rot=(9, 120, 0) fov=55.0
[DemoDirector] progress frame=630 captured=630 virtualTime=20.97s wall=40.1s lastCapture=57.8ms avgCapture=60.0ms worst=239.9ms cam=(-5.5, 1.6, 1.9) rot=(9, 108, 0) fov=55.0
[DemoDirector] progress frame=660 captured=660 virtualTime=21.97s wall=42.0s lastCapture=57.9ms avgCapture=60.0ms worst=239.9ms cam=(-5.8, 1.6, 0.7) rot=(9, 96, 0) fov=55.0
[DemoDirector] progress frame=690 captured=690 virtualTime=22.97s wall=43.8s lastCapture=60.5ms avgCapture=59.9ms worst=239.9ms cam=(-5.8, 1.6, -0.6) rot=(9, 84, 0) fov=55.0
[DemoDirector] progress frame=720 captured=720 virtualTime=23.97s wall=45.7s lastCapture=58.3ms avgCapture=59.9ms worst=239.9ms cam=(-5.5, 1.6, -1.8) rot=(9, 72, 0) fov=55.0
[DemoDirector] progress frame=750 captured=750 virtualTime=24.97s wall=47.5s lastCapture=61.5ms avgCapture=59.9ms worst=239.9ms cam=(-5.0, 1.6, -3.0) rot=(9, 60, 0) fov=55.0
[DemoDirector] progress frame=780 captured=780 virtualTime=25.97s wall=49.3s lastCapture=60.7ms avgCapture=59.8ms worst=239.9ms cam=(-4.3, 1.6, -4.1) rot=(9, 48, 0) fov=55.0
[DemoDirector] progress frame=810 captured=810 virtualTime=26.97s wall=51.2s lastCapture=59.0ms avgCapture=59.8ms worst=239.9ms cam=(-3.3, 1.6, -4.9) rot=(9, 36, 0) fov=55.0
[DemoDirector] progress frame=840 captured=840 virtualTime=27.97s wall=53.1s lastCapture=57.7ms avgCapture=59.8ms worst=239.9ms cam=(-2.2, 1.6, -5.6) rot=(9, 24, 0) fov=55.0
[DemoDirector] progress frame=870 captured=870 virtualTime=28.97s wall=54.9s lastCapture=59.1ms avgCapture=59.7ms worst=239.9ms cam=(-1.0, 1.6, -6.0) rot=(9, 12, 0) fov=55.0
[DemoDirector] progress frame=900 captured=900 virtualTime=29.97s wall=56.6s lastCapture=55.2ms avgCapture=59.6ms worst=239.9ms cam=(0.3, 1.6, -6.1) rot=(9, 0, 0) fov=55.0
