[DemoDirector] silenced 2 ROS component(s)
[DemoDirector] capture camera ready (1280x720)
[DemoDirector] shot=seed202_high preset=overview fps=30 1280x720 start=0s duration=20s frames=600 ride=main
[DemoDirector] framing center=(0.40, 1.20, 0.00) radius=3.10 pileSize=(0.00, 0.00, 0.00)
[DemoDirector] progress frame=30 captured=30 virtualTime=0.97s wall=2.7s lastCapture=66.7ms avgCapture=72.9ms worst=263.7ms cam=(0.4, 4.9, -3.7) rot=(44, 0, 0) fov=52.0
[DemoDirector] progress frame=60 captured=60 virtualTime=1.97s wall=4.8s lastCapture=71.0ms avgCapture=71.2ms worst=263.7ms cam=(0.4, 4.9, -3.7) rot=(44, 0, 0) fov=52.0
[DemoDirector] progress frame=90 captured=90 virtualTime=2.97s wall=6.9s lastCapture=70.4ms avgCapture=70.8ms worst=263.7ms cam=(0.4, 4.9, -3.7) rot=(44, 0, 0) fov=52.0
[DemoDirector] progress frame=120 captured=120 virtualTime=3.97s wall=9.0s lastCapture=70.3ms avgCapture=70.5ms worst=263.7ms cam=(0.4, 4.9, -3.7) rot=(44, 0, 0) fov=52.0
[DemoDirector] progress frame=150 captured=150 virtualTime=4.97s wall=11.2s lastCapture=70.9ms avgCapture=70.1ms worst=263.7ms cam=(0.4, 4.9, -3.7) rot=(44, 0, 0) fov=52.0
[DemoDirector] progress frame=180 captured=180 virtualTime=5.97s wall=13.3s lastCapture=68.4ms avgCapture=69.9ms worst=263.7ms cam=(0.4, 4.9, -3.7) rot=(44, 0, 0) fov=52.0
[DemoDirector] progress frame=210 captured=210 virtualTime=6.97s wall=15.4s lastCapture=69.4ms avgCapture=69.9ms worst=263.7ms cam=(0.4, 4.9, -3.7) rot=(44, 0, 0) fov=52.0
[DemoDirector] progress frame=240 captured=240 virtualTime=7.97s wall=17.6s lastCapture=67.2ms avgCapture=69.7ms worst=263.7ms cam=(0.4, 4.9, -3.7) rot=(44, 0, 0) fov=52.0
[DemoDirector] progress frame=270 captured=270 virtualTime=8.97s wall=19.7s lastCapture=67.7ms avgCapture=69.6ms worst=263.7ms cam=(0.4, 4.9, -3.7) rot=(44, 0, 0) fov=52.0
[DemoDirector] progress frame=300 captured=300 virtualTime=9.97s wall=21.8s lastCapture=67.7ms avgCapture=69.5ms worst=263.7ms cam=(0.4, 4.9, -3.7) rot=(44, 0, 0) fov=52.0
[DemoDirector] progress frame=330 captured=330 virtualTime=10.97s wall=23.9s lastCapture=67.4ms avgCapture=69.4ms worst=263.7ms cam=(0.4, 4.9, -3.7) rot=(44, 0, 0) fov=52.0
[DemoDirector] progress frame=360 captured=360 virtualTime=11.97s wall=26.0s lastCapture=67.8ms avgCapture=69.3ms worst=263.7ms cam=(0.4, 4.9, -3.7) rot=(44, 0, 0) fov=52.0
[DemoDirector] progress frame=390 captured=390 virtualTime=12.97s wall=28.1s lastCapture=68.4ms avgCapture=69.2ms worst=263.7ms cam=(0.4, 4.9, -3.7) rot=(44, 0, 0) fov=52.0
[DemoDirector] progress frame=420 captured=420 virtualTime=13.97s wall=30.3s lastCapture=69.1ms avgCapture=69.2ms worst=263.7ms cam=(0.4, 4.9, -3.7) rot=(44, 0, 0) fov=52.0
[DemoDirector] progress frame=450 captured=450 virtualTime=14.97s wall=32.4s lastCapture=67.7ms avgCapture=69.1ms worst=263.7ms cam=(0.4, 4.9, -3.7) rot=(44, 0, 0) fov=52.0
[DemoDirector] progress frame=480 captured=480 virtualTime=15.97s wall=34.5s lastCapture=68.6ms avgCapture=69.1ms worst=263.7ms cam=(0.4, 4.9, -3.7) rot=(44, 0, 0) fov=52.0
[DemoDirector] progress frame=510 captured=510 virtualTime=16.97s wall=36.6s lastCapture=68.4ms avgCapture=69.0ms worst=263.7ms cam=(0.4, 4.9, -3.7) rot=(44, 0, 0) fov=52.0
[DemoDirector] progress frame=540 captured=540 virtualTime=17.97s wall=38.7s lastCapture=68.4ms avgCapture=69.0ms worst=263.7ms cam=(0.4, 4.9, -3.7) rot=(44, 0, 0) fov=52.0
[DemoDirector] progress frame=570 captured=570 virtualTime=18.97s wall=40.9s lastCapture=70.2ms avgCapture=69.0ms worst=263.7ms cam=(0.4, 4.9, -3.7) rot=(44, 0, 0) fov=52.0
[DemoDirector] progress frame=600 captured=600 virtualTime=19.97s wall=43.0s lastCapture=67.3ms avgCapture=68.9ms worst=263.7ms cam=(0.4, 4.9, -3.7) rot=(44, 0, 0) fov=52.0
